     1                                  [BITS 32]
     2                                  
     3 00000000 B868000000              			mov 	eax, 'h'
     4 00000005 E829000000              			call	print_char
     5 0000000A B865000000              			mov		eax, 'e'
     6 0000000F E81F000000              			call	print_char
     7 00000014 B86C000000              			mov		eax, 'l'
     8 00000019 E815000000              			call	print_char
     9 0000001E B86C000000              			mov		eax, 'l'
    10 00000023 E80B000000              			call	print_char
    11 00000028 B86F000000              			mov		eax, 'o'
    12 0000002D E801000000              			call	print_char
    13 00000032 CB                      			retf
    14                                  
    15                                  print_char:
    16 00000033 50                      			push	eax
    17 00000034 9A18AF10000800          			call	1*8:0x10af18
    18 0000003B C3                      			ret
    19                                  
    20                                  
    21                                  
    22                                  			;call far [esp + 4]
